
> card-guild@0.3.4 check
> tsx tools/content/check-content.ts && tsx tools/content/check-production-content.ts && tsx tools/assets/check-assets.ts && tsc --noEmit && tsc --project tsconfig.game.json && tsc --project tsconfig.tools.json && tsc --project tsconfig.server.json && tsc --project tsconfig.tests.json && eslint . && npm run build

Content OK: cardguild.m7@0.15.0 fnv1a64:7e76bb1c603c45da
Production OK: cardguild.m7@0.15.0 fnv1a64:7e76bb1c603c45da
  Adventure adventure.willowbrook: 8 encounters (4 tutorial), authored party-size coverage within 1P/2P/3P
  Reachable: 13 starters, 5 enemies, 20 player cards, 11 player equipment
  Reserved: 65 definitions, each with a reason and a follow-up
Assets OK: 44 atlas frames, 92 standalone actor images, 39 standalone card images, 46 two-sided actors, 18 layered tilemaps
Scene faces OK: Minerva 16 expressions, alpha, fixed frames and dialogue references

> card-guild@0.3.4 build
> vite build && esbuild src/server/main.ts --bundle --platform=node --format=esm --target=node24 --outfile=dist-server/main.js --external:ws

vite v8.2.2 building client environment for production...
transforming...
✓ 905 modules transformed.
rendering chunks...
computing gzip size...
dist/index.html                                       7.12 kB │ gzip:   2.10 kB
dist/assets/index-NxNNMaaK.css                       70.83 kB │ gzip:  13.75 kB
dist/assets/webworkerAll-CfZ2XCQp.js                  0.05 kB │ gzip:   0.06 kB
dist/assets/getTextureBatchBindGroup-CsmyrjAD.js      0.34 kB │ gzip:   0.26 kB
dist/assets/CanvasPool-COiMhYSa.js                    0.75 kB │ gzip:   0.42 kB
dist/assets/Cache-BuXNhdx8.js                         1.09 kB │ gzip:   0.55 kB
dist/assets/canvasUtils-DAljshvP.js                   6.02 kB │ gzip:   2.02 kB
dist/assets/BufferResource-e3nT_FYG.js               11.08 kB │ gzip:   2.85 kB
dist/assets/init-C2HhbBOx.js                         15.31 kB │ gzip:   4.76 kB
dist/assets/GCManagedHash-B-DCdSrZ.js                19.30 kB │ gzip:   6.27 kB
dist/assets/Filter-DZ6R5xvi.js                       38.93 kB │ gzip:  11.15 kB
dist/assets/browserAll-DX0_yXhd.js                   42.67 kB │ gzip:  11.16 kB
dist/assets/RenderTargetSystem-Df2fOf3m.js           57.43 kB │ gzip:  16.19 kB
dist/assets/GraphicsContext-Do-y1WU8.js              61.71 kB │ gzip:  20.63 kB
dist/assets/Geometry-BbhY1dpZ.js                     65.66 kB │ gzip:  21.56 kB
dist/assets/index-DafExOPq.js                     1,206.52 kB │ gzip: 263.29 kB

[plugin builtin:vite-reporter]
(!) Some chunks are larger than 500 kB after minification. Consider:
- Using dynamic import() to code-split the application
- Use build.rolldownOptions.output.codeSplitting to improve chunking: https://rolldown.rs/reference/OutputOptions.codeSplitting
- Adjust chunk size limit for this warning via build.chunkSizeWarningLimit.
✓ built in 507ms

  dist-server/main.js  1.4mb ⚠️

⚡ Done in 37ms

> card-guild@0.3.4 test:all
> npm run test:domain && npm run test:integration && npm run test:interaction && npm run test:journey


> card-guild@0.3.4 test:domain
> vitest run --config vitest.domain.config.ts


 RUN  v3.2.7 /home/deck/Documents/CardGuild

 ✓ tests/domain/creation.test.ts (35 tests) 744ms
 ✓ tests/domain/prone-training.test.ts (2 tests) 1151ms
   ✓ G-PRONE all production presets and seeds commit the authored opening, gate, Ring Stand and replay  1078ms
 ✓ tests/domain/flanking-training.test.ts (6 tests) 1483ms
   ✓ G-FLANK authored two-member training has multiple real movement solutions for every starting class, live previews and replay  331ms
   ✓ G-FLANK all damage paths obey immunity; rear or Prone alone never bypass it; ordinary encounters retain damage  726ms
 ✓ tests/domain/recruitment.test.ts (21 tests) 341ms
 ✓ tests/domain/knowledge-training.test.ts (4 tests) 2216ms
   ✓ G-KNOWLEDGE-TRAINING all presets roll naturally, consume one guarantee, unlock and preserve replay/save/Resume  2086ms
 ✓ tests/domain/willow-rescue.test.ts (3 tests) 298ms
 ✓ tests/domain/coop-preparation.test.ts (15 tests) 220ms
 ✓ tests/domain/combat-contracts.test.ts (13 tests) 67ms
 ✓ tests/domain/authority.test.ts (6 tests) 72ms
 ✓ tests/domain/saves.test.ts (11 tests) 134ms
 ✓ tests/domain/tutorial-opening.test.ts (2 tests) 56ms
 ✓ tests/domain/ai-detour.test.ts (1 test) 37ms
 ✓ tests/domain/knowledge.test.ts (2 tests) 43ms
 ✓ tests/domain/adventure-contracts.test.ts (10 tests) 55ms
 ✓ tests/domain/condition-effects.test.ts (2 tests) 31ms
 ✓ tests/domain/terrain-elevation.test.ts (3 tests) 29ms
 ✓ tests/domain/standee-occlusion.test.ts (3 tests) 15ms
 ✓ tests/domain/rules.test.ts (9 tests) 14ms
 ✓ tests/domain/scene.test.ts (5 tests) 6ms
 ✓ tests/domain/chapter-one.test.ts (8 tests) 297ms

 Test Files  20 passed (20)
      Tests  161 passed (161)
   Start at  11:41:05
   Duration  6.19s (transform 1.05s, setup 0ms, collect 10.79s, tests 7.31s, environment 5ms, prepare 1.88s)


> card-guild@0.3.4 test:integration
> vitest run --config vitest.boundaries.config.ts


 RUN  v3.2.7 /home/deck/Documents/CardGuild

 ✓ tests/integration/contracts/restart.test.ts (2 tests) 2410ms
   ✓ B-RESUME SIGTERM of the built server preserves the approved checkpoint and permits the next legal action  1222ms
   ✓ B-RESUME SIGKILL of the built server preserves the approved checkpoint and permits the next legal action  1186ms
 ✓ tests/integration/contracts/http-coop.test.ts (4 tests) 1139ms
   ✓ B-ACCOUNT HTTP ownership and logout/expiry prevent another account from reading or continuing a campaign  333ms
   ✓ B-ACCOUNT campaign deletion requires ownership, retires connected guests and removes saved progress  351ms
 ✓ tests/integration/contracts/coop-preparation.test.ts (5 tests) 250ms
 ✓ tests/integration/contracts/creation.test.ts (2 tests) 61ms
 ✓ tests/integration/contracts/prone-training.test.ts (2 tests) 79ms
 ✓ tests/integration/contracts/knowledge-training.test.ts (1 test) 77ms
 ✓ tests/integration/contracts/publication.test.ts (4 tests) 61ms
 ✓ tests/integration/contracts/resume.test.ts (4 tests) 58ms
 ✓ tests/integration/contracts/training-weapon.test.ts (1 test) 56ms
 ✓ tests/integration/contracts/chapter-one.test.ts (1 test) 62ms
 ✓ tests/integration/contracts/recruitment.test.ts (1 test) 56ms
 ✓ tests/integration/contracts/storage.test.ts (1 test) 40ms

 Test Files  12 passed (12)
      Tests  28 passed (28)
   Start at  11:41:11
   Duration  13.41s (transform 630ms, setup 0ms, collect 6.38s, tests 4.35s, environment 2ms, prepare 802ms)


> card-guild@0.3.4 test:interaction
> node --import tsx node_modules/@playwright/test/cli.js test --config playwright.interaction.config.ts

[WebServer] (node:174761) Warning: The 'NO_COLOR' env is ignored due to the 'FORCE_COLOR' env being set.
[WebServer] (Use `node --trace-warnings ...` to show where the warning was created)
[WebServer] (node:174773) Warning: The 'NO_COLOR' env is ignored due to the 'FORCE_COLOR' env being set.
[WebServer] (Use `node --trace-warnings ...` to show where the warning was created)

Running 80 tests using 1 worker

(node:174814) Warning: The 'NO_COLOR' env is ignored due to the 'FORCE_COLOR' env being set.
(Use `node --trace-warnings ...` to show where the warning was created)
  ✓   1 tests/interaction/battle.spec.ts:11:1 › U-BATTLE hover and Step direction cancellation are inert; End Turn commits only its chosen facing (3.6s)
  ✓   2 tests/interaction/battle.spec.ts:37:1 › U-BOARD zoom, pan and resize still select the visible rotated tile and dispatch its intended move (3.7s)
  ✓   3 tests/interaction/battle.spec.ts:58:1 › U-BATTLE a control change discards an open target menu before it can issue stale input (3.2s)
  ✓   4 tests/interaction/battle.spec.ts:70:1 › U-BOARD pinch/pan release cannot answer End Turn; the next deliberate tap can (3.7s)
  ✓   5 tests/interaction/battle.spec.ts:88:1 › U-END-TURN cancel preserves the interaction and zero actions need no confirmation (3.6s)
  ✓   6 tests/interaction/battle.spec.ts:108:1 › touch inspection › U-INSPECT ring and hand detail modes never send gameplay requests (4.2s)
  ✓   7 tests/interaction/battle.spec.ts:129:1 › U-TARGET invalid target retains the selected card and allows a corrected target (3.7s)
  ✓   8 tests/interaction/chapter-one.spec.ts:6:32 › U-CHAPTER briefing 2 opens the authored objective map (3.4s)
  ✓   9 tests/interaction/chapter-one.spec.ts:6:32 › U-CHAPTER briefing 3 opens the authored objective map (3.6s)
  ✓  10 tests/interaction/chapter-one.spec.ts:6:32 › U-CHAPTER briefing 4 opens the authored objective map (3.6s)
  ✓  11 tests/interaction/chapter-one.spec.ts:19:1 › U-CHAPTER final reward commits ending and Shield remains preparable after completion (3.5s)
  ✓  12 tests/interaction/combat-sheet.spec.ts:5:1 › U-SHEET full screen ally details, locked enemy, shared knowledge and live snapshot (4.3s)
  ✓  13 tests/interaction/combat-sheet.spec.ts:57:1 › U-KNOWLEDGE Ring commits one recall request and unlocks detail only on the server snapshot (3.6s)
  ✓  14 tests/interaction/combat-sheet.spec.ts:89:1 › U-SHEET preserves a selected card and yields to an owned Reaction (4.4s)
  ✓  15 tests/interaction/combat-sheet.spec.ts:104:1 › U-EFFECTS condition hierarchy, stat colors and tap explanations track live effects (4.2s)
  ✓  16 tests/interaction/combat-sheet.spec.ts:134:1 › U-HUD-EFFECTS compact conditions and saves are read-only, live and gated by knowledge (3.7s)
  ✓  17 tests/interaction/coop-preparation.spec.ts:16:1 › U-COOP Host explicitly shares an existing companion; invitation waits for committed state (3.1s)
  ✓  18 tests/interaction/coop-preparation.spec.ts:36:3 › U-COOP Guest inspection is inert and claim needs ack-first ACK plus snapshot; rejection retains selection (3.2s)
  ✓  19 tests/interaction/coop-preparation.spec.ts:36:3 › U-COOP Guest inspection is inert and claim needs snapshot-first ACK plus snapshot; rejection retains selection (3.2s)
  ✓  20 tests/interaction/coop-preparation.spec.ts:63:1 › U-COOP pending Guest blocks departure; solo confirmation can cancel and failure keeps Guest (2.7s)
  ✓  21 tests/interaction/coop-preparation.spec.ts:79:1 › U-COOP Resume gates unselected Guests while preserving a read-only saved character preview (2.8s)
  ✓  22 tests/interaction/coop-preparation.spec.ts:91:1 › U-COOP a connected claim invalidates an open Host Loadout comparison (2.9s)
  ✓  23 tests/interaction/coop-preparation.spec.ts:102:1 › U-COOP occupied companion reclaim requires confirmation; cancel and failed save preserve delegation (2.5s)
  ✓  24 tests/interaction/coop-preparation.spec.ts:120:1 › U-COOP initial Solo hides delegation controls while normal departure remains available (2.4s)
  ✓  25 tests/interaction/coop-preparation.spec.ts:132:3 › U-COOP restored reward hides invitations and returns to the saved screen without Guest selection (2.6s)
  ✓  26 tests/interaction/coop-preparation.spec.ts:132:3 › U-COOP restored complete hides invitations and returns to the saved screen without Guest selection (2.5s)
  ✓  27 tests/interaction/coop-preparation.spec.ts:132:3 › U-COOP restored failed hides invitations and returns to the saved screen without Guest selection (2.5s)
  ✓  28 tests/interaction/creation.spec.ts:5:1 › U-CREATE a late previous Class image cannot replace the current preview (2.3s)
  ✓  29 tests/interaction/creation.spec.ts:27:1 › U-CREATE draft switches preserve name/gender, remain inert and render names as text (3.0s)
  ✓  30 tests/interaction/creation.spec.ts:59:1 › U-CREATE reject preserves draft; retry reuses session; ACK plus snapshot gates saved identity (4.2s)
  ✓  31 tests/interaction/creation.spec.ts:105:1 › U-CREATE committed snapshot arriving before ACK keeps confirmation locked (2.6s)
  ✓  32 tests/interaction/creation.spec.ts:119:1 › U-CREATE expired authentication returns to the same name, gender and Class draft (2.7s)
  ✓  33 tests/interaction/creation.spec.ts:146:1 › U-CREATE name policy rejects outer whitespace and counts Unicode codepoints before submitting (2.8s)
  ✓  34 tests/interaction/entry.spec.ts:3:1 › U-ENTRY a late account response preserves the join destination, draft and focus (2.1s)
  ✓  35 tests/interaction/entry.spec.ts:20:1 › U-ENTRY failed login can be corrected and retried; pending submission is unique and returns to intended new adventure (2.4s)
  ✓  36 tests/interaction/entry.spec.ts:50:1 › U-ENTRY expired campaign access returns to login and preserves the Continue destination (2.2s)
  ✓  37 tests/interaction/entry.spec.ts:67:1 › U-ENTRY campaign deletion confirms the name, cancels safely and retries after failure without duplicate requests (2.6s)
  ✓  38 tests/interaction/feedback.spec.ts:6:3 › U-BATTLE Pass submits the displayed reaction choice (3.5s)
  ✓  39 tests/interaction/feedback.spec.ts:6:3 › U-BATTLE Use Reaction submits the displayed reaction choice (3.5s)
  ✓  40 tests/interaction/feedback.spec.ts:27:1 › U-FEEDBACK pending growth offers a focused choice and leaves the next action available after confirmation (2.5s)
  ✓  41 tests/interaction/feedback.spec.ts:48:1 › U-FEEDBACK resync clears stale targeting; session closure presents a route back to entry (3.4s)
[WebServer] 11:43:43 AM [vite] (client) [console.warn] PixiJS Warning:  [Assets] Asset id /assets/backgrounds/willow-forest.webp was not found in the Cache
[WebServer] 11:43:43 AM [vite] (client) [console.warn] PixiJS Warning:  [Assets] Asset id /assets/backgrounds/willow-village.webp was not found in the Cache
  ✓  42 tests/interaction/feedback.spec.ts:61:3 › U-FEEDBACK failed replaces stale combat controls with the saved result (5.0s)
[WebServer] 11:43:48 AM [vite] (client) [console.warn] PixiJS Warning:  [Assets] Asset id /assets/backgrounds/willow-forest.webp was not found in the Cache
[WebServer] 11:43:48 AM [vite] (client) [console.warn] PixiJS Warning:  [Assets] Asset id /assets/backgrounds/willow-village.webp was not found in the Cache
  ✓  43 tests/interaction/feedback.spec.ts:61:3 › U-FEEDBACK complete replaces stale combat controls with the saved result (5.0s)
  ✓  44 tests/interaction/feedback.spec.ts:76:1 › U-REWARD inspection is inert and explicit acquisition waits for ack-first (2.7s)
  ✓  45 tests/interaction/feedback.spec.ts:76:1 › U-REWARD inspection is inert and explicit acquisition waits for snapshot-first (2.9s)
  ✓  46 tests/interaction/feedback.spec.ts:116:1 › U-REACTION observers can inspect the battlefield without decision buttons (3.5s)
[WebServer] 11:44:00 AM [vite] (client) [console.error] CardGuild bootstrap failed Error: U-STARTUP graphics unavailable
[WebServer]     at HTMLCanvasElement.getContext (<anonymous>:4:13)
[WebServer]     at getTestContext (http://127.0.0.1:4191/node_modules/.vite/deps/Geometry-BzY9mtFI.js?v=4424592f:5711:86)
[WebServer]     at getMaxFragmentPrecision (http://127.0.0.1:4191/node_modules/.vite/deps/Geometry-BzY9mtFI.js?v=4424592f:5720:14)
[WebServer]     at new _GlProgram (http://127.0.0.1:4191/node_modules/.vite/deps/Geometry-BzY9mtFI.js?v=4424592f:5820:36)
[WebServer]     at _GlProgram.from (http://127.0.0.1:4191/node_modules/.vite/deps/Geometry-BzY9mtFI.js?v=4424592f:5858:26)
[WebServer]     at new ParticleShader (http://127.0.0.1:4191/node_modules/.vite/deps/pixi__js.js?v=4424592f:30427:31)
[WebServer]     at new ParticleContainerPipe (http://127.0.0.1:4191/node_modules/.vite/deps/pixi__js.js?v=4424592f:30500:24)
[WebServer]     at new CanvasParticleContainerPipe (http://127.0.0.1:4191/node_modules/.vite/deps/pixi__js.js?v=4424592f:30572:3)
[WebServer]     at http://127.0.0.1:4191/node_modules/.vite/deps/RenderTargetSystem-BredZz1o.js?v=4424592f:348:29
[WebServer]     at Array.forEach (<anonymous>)
  ✓  47 tests/interaction/feedback.spec.ts:127:1 › U-STARTUP renderer initialization failure offers a visible retry (2.0s)
  ✓  48 tests/interaction/flanking-training.spec.ts:7:41 › U-FLANK host: real party, Minerva briefing, board movement and current flanking preview (4.5s)
  ✓  49 tests/interaction/flanking-training.spec.ts:7:41 › U-FLANK guest: real party, Minerva briefing, board movement and current flanking preview (3.8s)
  ✓  50 tests/interaction/flanking-training.spec.ts:77:1 › U-FLANK Ranger departs with the saved bow and borrows a combat-only training dagger (3.4s)
  ✓  51 tests/interaction/knowledge-training.spec.ts:7:41 › U-KNOWLEDGE-TRAINING host: briefing, real recall, ACK/snapshot unlock and manual detail (4.1s)
  ✓  52 tests/interaction/knowledge-training.spec.ts:7:41 › U-KNOWLEDGE-TRAINING guest: briefing, real recall, ACK/snapshot unlock and manual detail (3.8s)
  ✓  53 tests/interaction/preparation.spec.ts:6:3 › U-PREPARE ack-first: comparison/cancel are inert and saving requires ACK plus applied state (3.2s)
  ✓  54 tests/interaction/preparation.spec.ts:6:3 › U-PREPARE snapshot-first: comparison/cancel are inert and saving requires ACK plus applied state (3.3s)
  ✓  55 tests/interaction/preparation.spec.ts:36:1 › U-PREPARE rejection permits retry; control loss turns an open comparison read-only (3.0s)
  ✓  56 tests/interaction/preparation.spec.ts:51:1 › U-PREPARE dragging equipped gear only opens a comparison; focus survives a control snapshot (3.0s)
  ✓  57 tests/interaction/preparation.spec.ts:72:1 › U-PREPARE touch long-press reveals readable detail without preparing or removing a card (3.6s)
  ✓  58 tests/interaction/preparation.spec.ts:95:1 › U-PREPARE disconnect during confirmation cannot announce success and permits retry after reconnect (3.9s)
  ✓  59 tests/interaction/preparation.spec.ts:112:1 › U-PREPARE slot comparison is inert, committed replacement reaches the sheet and empty slots can be equipped (4.1s)
  ✓  60 tests/interaction/preparation.spec.ts:154:1 › U-PREPARE cards distinguish prepared changes from automatic deck sources and explain unavailable choices (3.7s)
  ✓  61 tests/interaction/preparation.spec.ts:191:1 › U-PREPARE latest control and inventory govern comparisons; leaving preparation closes the editor (4.3s)
  ✓  62 tests/interaction/preparation.spec.ts:212:1 › U-PREPARE lobby inspection shares the sheet but cannot edit (2.9s)
  ✓  63 tests/interaction/preparation.spec.ts:224:1 › U-PREPARE reward entry selects its slot and filter; invalid and cancelled drags never create a change (3.8s)
  ✓  64 tests/interaction/prone-training.spec.ts:6:63 › U-PRONE skip: authoritative Trip precedes dialogue; persisted completion then one Ring Stand (4.5s)
  ✓  65 tests/interaction/prone-training.spec.ts:6:63 › U-PRONE escape: authoritative Trip precedes dialogue; persisted completion then one Ring Stand (3.8s)
  ✓  66 tests/interaction/prone-training.spec.ts:6:63 › U-PRONE complete: authoritative Trip precedes dialogue; persisted completion then one Ring Stand (3.8s)
  ✓  67 tests/interaction/recruitment.spec.ts:11:3 › U-RECRUIT seed=65 ack-first: detail is inert, explicit recruitment retries and waits for ACK plus snapshot (3.3s)
  ✓  68 tests/interaction/recruitment.spec.ts:11:3 › U-RECRUIT seed=65 snapshot-first: detail is inert, explicit recruitment retries and waits for ACK plus snapshot (3.5s)
  ✓  69 tests/interaction/recruitment.spec.ts:57:1 › U-RECRUIT restored created party remains host-controlled without automatically publishing an invite (2.5s)
  ✓  70 tests/interaction/scene.spec.ts:8:1 › U-SCENE pages, expressions, keyboard and duplicate input reach creation without creating a campaign (2.4s)
  ✓  71 tests/interaction/scene.spec.ts:36:1 › U-SCENE Escape and a fresh explicit attempt replay welcome; skip is inert (2.4s)
  ✓  72 tests/interaction/scene.spec.ts:54:3 › touch › U-SCENE touch advances and completes at narrow width (2.4s)
  ✓  73 tests/interaction/scene.spec.ts:81:1 › U-SCENE Guest entry has no welcome (2.4s)
  ✓  74 tests/interaction/scene.spec.ts:89:1 › U-SCENE first battle briefing cancels to preparation and skips only once across departure retry (3.8s)
  ✓  75 tests/interaction/scene.spec.ts:120:1 › U-SCENE first battle briefing cannot send a stale departure after session retirement (2.7s)
  ✓  76 tests/interaction/scene.spec.ts:131:1 › U-SCENE first battle completion explains protection before a single departure (2.7s)
  ✓  77 tests/interaction/standee-occlusion.spec.ts:5:45 › U-STANDEE canvas: full padded rectangle, union, foreground-only, hidden actors, motion and camera (4.4s)
  ✓  78 tests/interaction/standee-occlusion.spec.ts:85:1 › U-STANDEE production standees and composed columns restore identical ON/OFF pixels across facing and flat-map rebuilds (6.8s)
  ✓  79 tests/interaction/terrain-elevation.spec.ts:3:1 › U-ELEVATION actual raised board picks/hover, edits heights and restores JSON without touching saves (3.8s)
  ✓  80 tests/interaction/willow-rescue.spec.ts:8:1 › U-WILLOW hometown briefing cancels safely, enters the forest and confirms tree destruction (4.2s)

  80 passed (4.5m)

> card-guild@0.3.4 test:journey
> node --import tsx node_modules/@playwright/test/cli.js test --config playwright.journey.config.ts


Running 4 tests using 1 worker

(node:177240) Warning: The 'NO_COLOR' env is ignored due to the 'FORCE_COLOR' env being set.
(Use `node --trace-warnings ...` to show where the warning was created)
  ✓  1 tests/journeys/progress-coop.spec.ts:5:1 › J-PROGRESS Prone recovery, recruitment, real Flanking victory and unprotected Willow rescue entry (7.7s)
  ✓  2 tests/journeys/progress-coop.spec.ts:151:1 › J-COOP two browsers join, claim, play and restore guest control after leaving (6.9s)
  ✓  3 tests/journeys/start-continue.spec.ts:3:1 › J-START first entry, authentication, Minerva welcome, solo character creation and the first real combat action (2.7s)
  ✓  4 tests/journeys/start-continue.spec.ts:9:1 › J-CONTINUE approved progress survives server restart and a fresh browser can Resume and act (5.4s)

  4 passed (24.7s)
